########################################################################################################################
# Sigrity Aurora 17.4 S013 Windows SPB 64-bit Edition
#   (c) Copyright 2019 Cadence Design Systems, Inc.
#              All Rights Reserved.
#
# Design: CROSSTALLK_PCB
# Design Setup: Components
# Created: Tue May 11 16:34:34 2021
########################################################################################################################

########################################################################################################################
Component Pin PINUSE Property Changes
########################################################################################################################

========================================================================================================================
COMPONENT       CLASS           PIN             OLD PINUSE      NEW PINUSE  
========================================================================================================================
U1              IC              3               UNSPEC          GROUND      
U1              IC              6               UNSPEC          POWER       
------------------------------------------------------------------------------------------------------------------------
U2              IC              3               UNSPEC          GROUND      
U2              IC              6               UNSPEC          POWER       
------------------------------------------------------------------------------------------------------------------------
U3              IC              3               UNSPEC          GROUND      
U3              IC              6               UNSPEC          POWER       
------------------------------------------------------------------------------------------------------------------------
U4              IC              3               UNSPEC          GROUND      
U4              IC              6               UNSPEC          POWER       
------------------------------------------------------------------------------------------------------------------------
U5              IC              3               UNSPEC          GROUND      
U5              IC              6               UNSPEC          POWER       
------------------------------------------------------------------------------------------------------------------------
U6              IC              3               UNSPEC          GROUND      
U6              IC              6               UNSPEC          POWER       
------------------------------------------------------------------------------------------------------------------------
U7              IC              3               UNSPEC          GROUND      
U7              IC              6               UNSPEC          POWER       
------------------------------------------------------------------------------------------------------------------------
U8              IC              3               UNSPEC          GROUND      
U8              IC              6               UNSPEC          POWER       
------------------------------------------------------------------------------------------------------------------------
U9              IC              3               UNSPEC          GROUND      
U9              IC              6               UNSPEC          POWER       
------------------------------------------------------------------------------------------------------------------------
U10             IC              3               UNSPEC          GROUND      
U10             IC              6               UNSPEC          POWER       
------------------------------------------------------------------------------------------------------------------------
U11             IC              3               UNSPEC          GROUND      
U11             IC              6               UNSPEC          POWER       
------------------------------------------------------------------------------------------------------------------------
U12             IC              3               UNSPEC          GROUND      
U12             IC              6               UNSPEC          POWER       
========================================================================================================================

